2026-08-24 04:43:45,958 - INFO - Starting Hygiene-Ops Ingestion Engine...
2026-08-24 04:43:46,032 - INFO - Found 8614 .eml files for ingestion.
2026-08-24 04:43:46,092 - INFO - Ingested 500/8614 files...
2026-08-24 04:43:46,156 - INFO - Ingested 1000/8614 files...
2026-08-24 04:43:46,216 - INFO - Ingested 1500/8614 files...
2026-08-24 04:43:46,272 - INFO - Ingested 2000/8614 files...
2026-08-24 04:43:46,325 - INFO - Ingested 2500/8614 files...
2026-08-24 04:43:46,378 - INFO - Ingested 3000/8614 files...
2026-08-24 04:43:46,437 - INFO - Ingested 3500/8614 files...
2026-08-24 04:43:46,490 - INFO - Ingested 4000/8614 files...
2026-08-24 04:43:46,545 - INFO - Ingested 4500/8614 files...
2026-08-24 04:43:46,564 - WARNING - Duplicate hash detected for sample-8145.eml. Skipping.
2026-08-24 04:43:46,578 - WARNING - Duplicate hash detected for sample-7404.eml. Skipping.
2026-08-24 04:43:46,604 - INFO - Ingested 5000/8614 files...
2026-08-24 04:43:46,659 - INFO - Ingested 5500/8614 files...
2026-08-24 04:43:46,715 - INFO - Ingested 6000/8614 files...
2026-08-24 04:43:46,773 - INFO - Ingested 6500/8614 files...
2026-08-24 04:43:46,832 - INFO - Ingested 7000/8614 files...
2026-08-24 04:43:46,889 - INFO - Ingested 7500/8614 files...
2026-08-24 04:43:46,894 - WARNING - Duplicate hash detected for sample-7993.eml. Skipping.
2026-08-24 04:43:46,906 - WARNING - Duplicate hash detected for sample-7539.eml. Skipping.
2026-08-24 04:43:46,955 - INFO - Ingested 8000/8614 files...
2026-08-24 04:43:47,019 - INFO - Ingested 8500/8614 files...
2026-08-24 04:43:47,026 - WARNING - Duplicate hash detected for sample-7944.eml. Skipping.
2026-08-24 04:43:47,049 - INFO - --- INGESTION COMPLETE ---
2026-08-24 04:43:47,049 - INFO - Successfully Ingested: 8609
2026-08-24 04:43:47,049 - INFO - Duplicates Skipped:  5
2026-08-24 04:43:47,049 - INFO - Failed:              0
